
> tad-dooh-backend@0.1.0 build
> prisma generate && nest build

Environment variables loaded from .env
Prisma schema loaded from prisma\schema.prisma
cmd.exe : Error: 
At line:1 char:1
+ cmd.exe /c npm run build 2>&1 > build_output.txt
+ ~~~~~~~~~~~~~~~~~~~~~~~~~~~~~~~~~~~~~~~~~~~~~~~~
    + CategoryInfo          : NotSpecified: (Error: :String) [], RemoteException
    + FullyQualifiedErrorId : NativeCommandError
 
EPERM: operation not permitted, rename 'C:\Users\Arismendy\OneDrive\Escritorio\TAD 
PLASTFORM\tad-dooh-platform\backend\node_modules\.prisma\client\query_engine-windows.dll.node.tmp57892' -> 
'C:\Users\Arismendy\OneDrive\Escritorio\TAD 
PLASTFORM\tad-dooh-platform\backend\node_modules\.prisma\client\query_engine-windows.dll.node'


npm error Lifecycle script `build` failed with error:
npm error code 1
npm error path C:\Users\Arismendy\OneDrive\Escritorio\TAD PLASTFORM\tad-dooh-platform\backend
npm error workspace tad-dooh-backend@0.1.0
npm error location C:\Users\Arismendy\OneDrive\Escritorio\TAD PLASTFORM\tad-dooh-platform\backend
npm error command failed
npm error command C:\WINDOWS\system32\cmd.exe /d /s /c prisma generate && nest build
